[global batch tokens] : 1,048,576
[world size]           : 8
[grad accum steps]     : 4
[model] loading from /mnt/weka/mmusayelyan/tinyllama_checkpoints/TinyLlama-1.1B-intermediate-step-1431k-3T
[model] total parameters: 1,100,048,384
[optim] decayed tensors    : 156  (1,099,956,224 params)
[optim] non-decayed tensors: 45  (92,160 params)
step     10/8576 | loss 1.9775 | lr 2.67e-06 | grad_norm 0.68 | tok/s 280,838
step     20/8576 | loss 1.9629 | lr 5.33e-06 | grad_norm 0.50 | tok/s 286,901
step     30/8576 | loss 1.9641 | lr 8.00e-06 | grad_norm 0.40 | tok/s 286,768
step     40/8576 | loss 1.9500 | lr 1.07e-05 | grad_norm 0.33 | tok/s 286,429
step     50/8576 | loss 1.9637 | lr 1.33e-05 | grad_norm 0.30 | tok/s 286,807
step     60/8576 | loss 1.9368 | lr 1.60e-05 | grad_norm 0.32 | tok/s 286,696
step     70/8576 | loss 1.9263 | lr 1.87e-05 | grad_norm 0.29 | tok/s 286,748
step     80/8576 | loss 1.9435 | lr 2.13e-05 | grad_norm 0.29 | tok/s 286,847
step     90/8576 | loss 1.9361 | lr 2.40e-05 | grad_norm 0.28 | tok/s 286,607
step    100/8576 | loss 1.9380 | lr 2.67e-05 | grad_norm 0.29 | tok/s 286,537
step    110/8576 | loss 1.9212 | lr 2.93e-05 | grad_norm 0.30 | tok/s 286,610
step    120/8576 | loss 1.8993 | lr 3.20e-05 | grad_norm 0.32 | tok/s 286,602
step    130/8576 | loss 1.9100 | lr 3.47e-05 | grad_norm 0.29 | tok/s 286,594
step    140/8576 | loss 1.9106 | lr 3.73e-05 | grad_norm 0.30 | tok/s 286,785
step    150/8576 | loss 1.9290 | lr 4.00e-05 | grad_norm 0.29 | tok/s 286,670
step    160/8576 | loss 1.8962 | lr 4.27e-05 | grad_norm 0.30 | tok/s 286,630
step    170/8576 | loss 1.8920 | lr 4.53e-05 | grad_norm 0.46 | tok/s 286,748
step    180/8576 | loss 1.8933 | lr 4.80e-05 | grad_norm 0.32 | tok/s 286,625
step    190/8576 | loss 1.9041 | lr 5.07e-05 | grad_norm 0.30 | tok/s 286,701
step    200/8576 | loss 1.8910 | lr 5.33e-05 | grad_norm 0.31 | tok/s 286,765
step    210/8576 | loss 1.8981 | lr 5.60e-05 | grad_norm 0.31 | tok/s 286,860
step    220/8576 | loss 1.8814 | lr 5.87e-05 | grad_norm 0.31 | tok/s 286,753
step    230/8576 | loss 1.8691 | lr 6.13e-05 | grad_norm 0.49 | tok/s 286,679
step    240/8576 | loss 1.8768 | lr 6.40e-05 | grad_norm 0.33 | tok/s 286,610
step    250/8576 | loss 1.8824 | lr 6.67e-05 | grad_norm 0.31 | tok/s 286,694
step    260/8576 | loss 1.8813 | lr 6.93e-05 | grad_norm 0.33 | tok/s 286,683
step    270/8576 | loss 1.8700 | lr 7.20e-05 | grad_norm 0.31 | tok/s 286,807
step    280/8576 | loss 1.8778 | lr 7.47e-05 | grad_norm 0.36 | tok/s 286,579
step    290/8576 | loss 1.8663 | lr 7.73e-05 | grad_norm 0.33 | tok/s 286,625
step    300/8576 | loss 1.8577 | lr 8.00e-05 | grad_norm 0.33 | tok/s 286,876
step    310/8576 | loss 1.8721 | lr 8.00e-05 | grad_norm 0.33 | tok/s 286,692
step    320/8576 | loss 1.8604 | lr 8.00e-05 | grad_norm 1.47 | tok/s 286,777
step    330/8576 | loss 1.8452 | lr 8.00e-05 | grad_norm 0.34 | tok/s 286,843
step    340/8576 | loss 1.8572 | lr 8.00e-05 | grad_norm 0.33 | tok/s 286,923
step    350/8576 | loss 1.8556 | lr 8.00e-05 | grad_norm 0.32 | tok/s 286,715
step    360/8576 | loss 1.8629 | lr 8.00e-05 | grad_norm 0.33 | tok/s 286,805
step    370/8576 | loss 1.8563 | lr 8.00e-05 | grad_norm 0.36 | tok/s 286,803
step    380/8576 | loss 1.8463 | lr 8.00e-05 | grad_norm 0.31 | tok/s 286,914
step    390/8576 | loss 1.8590 | lr 8.00e-05 | grad_norm 0.32 | tok/s 286,796
step    400/8576 | loss 1.8502 | lr 8.00e-05 | grad_norm 0.31 | tok/s 286,672
step    410/8576 | loss 1.8435 | lr 8.00e-05 | grad_norm 0.35 | tok/s 286,865
step    420/8576 | loss 1.8442 | lr 8.00e-05 | grad_norm 0.35 | tok/s 286,662
step    430/8576 | loss 1.8461 | lr 8.00e-05 | grad_norm 0.32 | tok/s 286,812
step    440/8576 | loss 1.8499 | lr 8.00e-05 | grad_norm 0.31 | tok/s 286,705
step    450/8576 | loss 1.8345 | lr 8.00e-05 | grad_norm 0.34 | tok/s 286,825
step    460/8576 | loss 1.8374 | lr 8.00e-05 | grad_norm 0.32 | tok/s 286,578
step    470/8576 | loss 1.8456 | lr 8.00e-05 | grad_norm 0.34 | tok/s 286,714
step    480/8576 | loss 1.8372 | lr 8.00e-05 | grad_norm 0.32 | tok/s 286,689
step    490/8576 | loss 1.8380 | lr 8.00e-05 | grad_norm 0.40 | tok/s 286,831
step    500/8576 | loss 1.8244 | lr 8.00e-05 | grad_norm 0.36 | tok/s 286,762
step    510/8576 | loss 1.8284 | lr 8.00e-05 | grad_norm 0.32 | tok/s 286,621
step    520/8576 | loss 1.8464 | lr 8.00e-05 | grad_norm 0.33 | tok/s 286,547
step    530/8576 | loss 1.8261 | lr 8.00e-05 | grad_norm 0.32 | tok/s 286,773
step    540/8576 | loss 1.8324 | lr 8.00e-05 | grad_norm 0.34 | tok/s 286,757
step    550/8576 | loss 1.8214 | lr 8.00e-05 | grad_norm 0.33 | tok/s 286,791
step    560/8576 | loss 1.8376 | lr 8.00e-05 | grad_norm 0.33 | tok/s 286,733
step    570/8576 | loss 1.8091 | lr 8.00e-05 | grad_norm 0.33 | tok/s 286,591
step    580/8576 | loss 1.8123 | lr 8.00e-05 | grad_norm 0.35 | tok/s 286,884
step    590/8576 | loss 1.8253 | lr 8.00e-05 | grad_norm 0.34 | tok/s 286,701
step    600/8576 | loss 1.8247 | lr 8.00e-05 | grad_norm 0.38 | tok/s 286,769
step    610/8576 | loss 1.8126 | lr 8.00e-05 | grad_norm 0.32 | tok/s 286,835
step    620/8576 | loss 1.8188 | lr 8.00e-05 | grad_norm 0.38 | tok/s 286,717
step    630/8576 | loss 1.8105 | lr 8.00e-05 | grad_norm 0.32 | tok/s 286,676
step    640/8576 | loss 1.8203 | lr 8.00e-05 | grad_norm 0.32 | tok/s 286,684
step    650/8576 | loss 1.8042 | lr 8.00e-05 | grad_norm 0.32 | tok/s 286,788
step    660/8576 | loss 1.8174 | lr 8.00e-05 | grad_norm 0.35 | tok/s 286,734
step    670/8576 | loss 1.8310 | lr 8.00e-05 | grad_norm 0.36 | tok/s 286,747
step    680/8576 | loss 1.8207 | lr 8.00e-05 | grad_norm 0.37 | tok/s 286,818
step    690/8576 | loss 1.8074 | lr 8.00e-05 | grad_norm 0.33 | tok/s 286,809
step    700/8576 | loss 1.8159 | lr 8.00e-05 | grad_norm 0.30 | tok/s 286,798
step    710/8576 | loss 1.8127 | lr 8.00e-05 | grad_norm 0.32 | tok/s 286,738
step    720/8576 | loss 1.8108 | lr 8.00e-05 | grad_norm 0.30 | tok/s 286,766
step    730/8576 | loss 1.8119 | lr 8.00e-05 | grad_norm 0.32 | tok/s 286,714
step    740/8576 | loss 1.8102 | lr 8.00e-05 | grad_norm 0.30 | tok/s 286,858
step    750/8576 | loss 1.8178 | lr 8.00e-05 | grad_norm 0.34 | tok/s 286,825
step    760/8576 | loss 1.7998 | lr 8.00e-05 | grad_norm 0.32 | tok/s 286,743
step    770/8576 | loss 1.8182 | lr 8.00e-05 | grad_norm 0.31 | tok/s 286,810
step    780/8576 | loss 1.8059 | lr 8.00e-05 | grad_norm 0.33 | tok/s 286,602
step    790/8576 | loss 1.8053 | lr 8.00e-05 | grad_norm 0.32 | tok/s 286,697
step    800/8576 | loss 1.8055 | lr 8.00e-05 | grad_norm 0.32 | tok/s 286,830
step    810/8576 | loss 1.8186 | lr 8.00e-05 | grad_norm 0.32 | tok/s 286,803
step    820/8576 | loss 1.8216 | lr 8.00e-05 | grad_norm 0.33 | tok/s 286,619
step    830/8576 | loss 1.8033 | lr 8.00e-05 | grad_norm 0.30 | tok/s 286,974
step    840/8576 | loss 1.7922 | lr 8.00e-05 | grad_norm 0.33 | tok/s 286,869
step    850/8576 | loss 1.8056 | lr 8.00e-05 | grad_norm 0.33 | tok/s 286,794
step    860/8576 | loss 1.8143 | lr 8.00e-05 | grad_norm 0.54 | tok/s 286,765
step    870/8576 | loss 1.8038 | lr 8.00e-05 | grad_norm 0.33 | tok/s 286,651
step    880/8576 | loss 1.8057 | lr 8.00e-05 | grad_norm 0.31 | tok/s 286,794
step    890/8576 | loss 1.7878 | lr 8.00e-05 | grad_norm 0.33 | tok/s 286,455
step    900/8576 | loss 1.7959 | lr 8.00e-05 | grad_norm 0.31 | tok/s 286,586
step    910/8576 | loss 1.8105 | lr 8.00e-05 | grad_norm 0.32 | tok/s 286,691
step    920/8576 | loss 1.8012 | lr 8.00e-05 | grad_norm 0.32 | tok/s 286,840
step    930/8576 | loss 1.7976 | lr 8.00e-05 | grad_norm 0.30 | tok/s 286,715
step    940/8576 | loss 1.7987 | lr 8.00e-05 | grad_norm 0.41 | tok/s 286,819
step    950/8576 | loss 1.8063 | lr 8.00e-05 | grad_norm 0.32 | tok/s 286,705
step    960/8576 | loss 1.7998 | lr 8.00e-05 | grad_norm 0.31 | tok/s 286,877
step    970/8576 | loss 1.7995 | lr 8.00e-05 | grad_norm 0.32 | tok/s 286,739
step    980/8576 | loss 1.7925 | lr 8.00e-05 | grad_norm 0.32 | tok/s 286,656
step    990/8576 | loss 1.7995 | lr 8.00e-05 | grad_norm 0.31 | tok/s 286,680
step   1000/8576 | loss 1.7807 | lr 8.00e-05 | grad_norm 0.32 | tok/s 286,568
step   1010/8576 | loss 1.8000 | lr 8.00e-05 | grad_norm 0.30 | tok/s 286,718
step   1020/8576 | loss 1.8060 | lr 8.00e-05 | grad_norm 0.60 | tok/s 286,855
step   1030/8576 | loss 1.7959 | lr 8.00e-05 | grad_norm 0.33 | tok/s 286,843
step   1040/8576 | loss 1.7976 | lr 8.00e-05 | grad_norm 0.41 | tok/s 286,915
step   1050/8576 | loss 1.8035 | lr 8.00e-05 | grad_norm 0.30 | tok/s 286,778
step   1060/8576 | loss 1.7965 | lr 8.00e-05 | grad_norm 0.34 | tok/s 286,738
step   1070/8576 | loss 1.8160 | lr 8.00e-05 | grad_norm 0.31 | tok/s 286,593
step   1080/8576 | loss 1.8046 | lr 8.00e-05 | grad_norm 0.32 | tok/s 286,674
step   1090/8576 | loss 1.7994 | lr 8.00e-05 | grad_norm 0.34 | tok/s 286,657
step   1100/8576 | loss 1.7962 | lr 8.00e-05 | grad_norm 0.33 | tok/s 286,833
step   1110/8576 | loss 1.7980 | lr 8.00e-05 | grad_norm 0.32 | tok/s 286,690
step   1120/8576 | loss 1.7976 | lr 8.00e-05 | grad_norm 0.31 | tok/s 286,884
step   1130/8576 | loss 1.7975 | lr 8.00e-05 | grad_norm 0.30 | tok/s 286,805
step   1140/8576 | loss 1.7954 | lr 8.00e-05 | grad_norm 0.30 | tok/s 286,737
step   1150/8576 | loss 1.7934 | lr 8.00e-05 | grad_norm 0.31 | tok/s 286,584
step   1160/8576 | loss 1.8035 | lr 8.00e-05 | grad_norm 0.31 | tok/s 286,801
step   1170/8576 | loss 1.8082 | lr 8.00e-05 | grad_norm 0.33 | tok/s 286,757
step   1180/8576 | loss 1.7928 | lr 8.00e-05 | grad_norm 0.31 | tok/s 286,815
step   1190/8576 | loss 1.7924 | lr 8.00e-05 | grad_norm 0.31 | tok/s 286,845
step   1200/8576 | loss 1.7941 | lr 8.00e-05 | grad_norm 0.32 | tok/s 286,695
step   1210/8576 | loss 1.7962 | lr 8.00e-05 | grad_norm 0.31 | tok/s 286,819
step   1220/8576 | loss 1.7995 | lr 8.00e-05 | grad_norm 0.31 | tok/s 286,826
step   1230/8576 | loss 1.7978 | lr 8.00e-05 | grad_norm 0.31 | tok/s 286,672
step   1240/8576 | loss 1.7898 | lr 8.00e-05 | grad_norm 0.31 | tok/s 286,803
step   1250/8576 | loss 1.8073 | lr 8.00e-05 | grad_norm 0.31 | tok/s 286,761
step   1260/8576 | loss 1.7981 | lr 8.00e-05 | grad_norm 0.32 | tok/s 286,639
step   1270/8576 | loss 1.8060 | lr 8.00e-05 | grad_norm 0.33 | tok/s 286,866
step   1280/8576 | loss 1.7984 | lr 8.00e-05 | grad_norm 0.33 | tok/s 286,712
step   1290/8576 | loss 1.8104 | lr 8.00e-05 | grad_norm 0.32 | tok/s 286,836
step   1300/8576 | loss 1.7943 | lr 8.00e-05 | grad_norm 0.31 | tok/s 286,811
step   1310/8576 | loss 1.7951 | lr 8.00e-05 | grad_norm 0.31 | tok/s 286,854
step   1320/8576 | loss 1.7941 | lr 8.00e-05 | grad_norm 0.31 | tok/s 286,888
step   1330/8576 | loss 1.7976 | lr 8.00e-05 | grad_norm 0.38 | tok/s 286,799
step   1340/8576 | loss 1.8019 | lr 8.00e-05 | grad_norm 0.31 | tok/s 286,820
step   1350/8576 | loss 1.7892 | lr 8.00e-05 | grad_norm 0.31 | tok/s 286,736
step   1360/8576 | loss 1.7970 | lr 8.00e-05 | grad_norm 0.32 | tok/s 286,828
step   1370/8576 | loss 1.7894 | lr 8.00e-05 | grad_norm 0.32 | tok/s 286,781
step   1380/8576 | loss 1.7933 | lr 8.00e-05 | grad_norm 0.31 | tok/s 286,804
step   1390/8576 | loss 1.7842 | lr 8.00e-05 | grad_norm 0.30 | tok/s 286,770
step   1400/8576 | loss 1.7759 | lr 8.00e-05 | grad_norm 0.31 | tok/s 286,781
step   1410/8576 | loss 1.7766 | lr 8.00e-05 | grad_norm 0.38 | tok/s 286,705
step   1420/8576 | loss 1.7843 | lr 8.00e-05 | grad_norm 0.31 | tok/s 286,782
step   1430/8576 | loss 1.7964 | lr 8.00e-05 | grad_norm 0.32 | tok/s 286,763
step   1440/8576 | loss 1.7749 | lr 8.00e-05 | grad_norm 0.34 | tok/s 286,811
step   1450/8576 | loss 1.7758 | lr 8.00e-05 | grad_norm 0.32 | tok/s 286,781
step   1460/8576 | loss 1.7847 | lr 8.00e-05 | grad_norm 0.31 | tok/s 286,968
step   1470/8576 | loss 1.7861 | lr 8.00e-05 | grad_norm 0.36 | tok/s 286,821
step   1480/8576 | loss 1.7694 | lr 8.00e-05 | grad_norm 0.34 | tok/s 286,883
step   1490/8576 | loss 1.7930 | lr 8.00e-05 | grad_norm 0.32 | tok/s 286,891
step   1500/8576 | loss 1.7872 | lr 8.00e-05 | grad_norm 0.35 | tok/s 286,881
step   1510/8576 | loss 1.7801 | lr 8.00e-05 | grad_norm 0.33 | tok/s 286,883
step   1520/8576 | loss 1.7865 | lr 8.00e-05 | grad_norm 0.32 | tok/s 286,758
step   1530/8576 | loss 1.7746 | lr 8.00e-05 | grad_norm 0.34 | tok/s 286,730
step   1540/8576 | loss 1.7736 | lr 8.00e-05 | grad_norm 0.32 | tok/s 286,755
step   1550/8576 | loss 1.7814 | lr 8.00e-05 | grad_norm 0.33 | tok/s 286,907
step   1560/8576 | loss 1.7906 | lr 8.00e-05 | grad_norm 0.35 | tok/s 286,896
step   1570/8576 | loss 1.7850 | lr 8.00e-05 | grad_norm 0.33 | tok/s 286,815
step   1580/8576 | loss 1.7752 | lr 8.00e-05 | grad_norm 0.34 | tok/s 286,699
step   1590/8576 | loss 1.7764 | lr 8.00e-05 | grad_norm 0.32 | tok/s 286,811
step   1600/8576 | loss 1.7691 | lr 8.00e-05 | grad_norm 0.31 | tok/s 286,742
step   1610/8576 | loss 1.7898 | lr 8.00e-05 | grad_norm 0.32 | tok/s 286,775
step   1620/8576 | loss 1.7800 | lr 8.00e-05 | grad_norm 0.32 | tok/s 286,918
step   1630/8576 | loss 1.7792 | lr 8.00e-05 | grad_norm 0.29 | tok/s 286,701
step   1640/8576 | loss 1.7902 | lr 8.00e-05 | grad_norm 0.33 | tok/s 286,709
step   1650/8576 | loss 1.7696 | lr 8.00e-05 | grad_norm 0.30 | tok/s 286,922
step   1660/8576 | loss 1.7662 | lr 8.00e-05 | grad_norm 0.31 | tok/s 286,848
step   1670/8576 | loss 1.7825 | lr 8.00e-05 | grad_norm 0.33 | tok/s 286,912
step   1680/8576 | loss 1.7856 | lr 8.00e-05 | grad_norm 0.34 | tok/s 286,788
step   1690/8576 | loss 1.7631 | lr 8.00e-05 | grad_norm 0.32 | tok/s 286,680
step   1700/8576 | loss 1.7790 | lr 8.00e-05 | grad_norm 0.31 | tok/s 286,633
step   1710/8576 | loss 1.7771 | lr 8.00e-05 | grad_norm 0.32 | tok/s 286,830
step   1720/8576 | loss 1.7686 | lr 8.00e-05 | grad_norm 0.31 | tok/s 286,785
step   1730/8576 | loss 1.7644 | lr 8.00e-05 | grad_norm 0.33 | tok/s 286,819
step   1740/8576 | loss 1.7765 | lr 8.00e-05 | grad_norm 0.32 | tok/s 286,782
step   1750/8576 | loss 1.7745 | lr 8.00e-05 | grad_norm 0.32 | tok/s 286,769
step   1760/8576 | loss 1.7721 | lr 8.00e-05 | grad_norm 0.31 | tok/s 286,750
step   1770/8576 | loss 1.7881 | lr 8.00e-05 | grad_norm 0.33 | tok/s 286,695
step   1780/8576 | loss 1.7653 | lr 8.00e-05 | grad_norm 0.32 | tok/s 286,680
step   1790/8576 | loss 1.7740 | lr 8.00e-05 | grad_norm 0.31 | tok/s 286,913
step   1800/8576 | loss 1.7587 | lr 8.00e-05 | grad_norm 0.31 | tok/s 286,775
step   1810/8576 | loss 1.7627 | lr 8.00e-05 | grad_norm 0.31 | tok/s 286,692
step   1820/8576 | loss 1.7848 | lr 8.00e-05 | grad_norm 0.31 | tok/s 286,737
step   1830/8576 | loss 1.7624 | lr 8.00e-05 | grad_norm 0.32 | tok/s 286,667
step   1840/8576 | loss 1.7738 | lr 8.00e-05 | grad_norm 0.31 | tok/s 286,930
step   1850/8576 | loss 1.7554 | lr 8.00e-05 | grad_norm 0.31 | tok/s 286,731
step   1860/8576 | loss 1.7652 | lr 8.00e-05 | grad_norm 0.32 | tok/s 286,764
step   1870/8576 | loss 1.7622 | lr 8.00e-05 | grad_norm 0.31 | tok/s 286,736
step   1880/8576 | loss 1.7618 | lr 8.00e-05 | grad_norm 0.36 | tok/s 286,721
step   1890/8576 | loss 1.7710 | lr 8.00e-05 | grad_norm 0.32 | tok/s 286,726
step   1900/8576 | loss 1.7695 | lr 8.00e-05 | grad_norm 0.32 | tok/s 286,817
step   1910/8576 | loss 1.7811 | lr 8.00e-05 | grad_norm 0.33 | tok/s 286,703
step   1920/8576 | loss 1.7746 | lr 8.00e-05 | grad_norm 0.62 | tok/s 286,778
step   1930/8576 | loss 1.7727 | lr 8.00e-05 | grad_norm 0.32 | tok/s 286,753
step   1940/8576 | loss 1.7750 | lr 8.00e-05 | grad_norm 0.33 | tok/s 286,712
step   1950/8576 | loss 1.7674 | lr 8.00e-05 | grad_norm 0.30 | tok/s 286,593
step   1960/8576 | loss 1.7637 | lr 8.00e-05 | grad_norm 0.33 | tok/s 286,604
step   1970/8576 | loss 1.7819 | lr 8.00e-05 | grad_norm 0.32 | tok/s 286,964
step   1980/8576 | loss 1.7623 | lr 8.00e-05 | grad_norm 0.33 | tok/s 286,750
step   1990/8576 | loss 1.7790 | lr 8.00e-05 | grad_norm 0.32 | tok/s 286,649
step   2000/8576 | loss 1.7634 | lr 8.00e-05 | grad_norm 0.33 | tok/s 286,800
step   2010/8576 | loss 1.7650 | lr 8.00e-05 | grad_norm 0.32 | tok/s 286,717
step   2020/8576 | loss 1.7691 | lr 8.00e-05 | grad_norm 0.35 | tok/s 286,735
step   2030/8576 | loss 1.7582 | lr 8.00e-05 | grad_norm 0.33 | tok/s 286,845
step   2040/8576 | loss 1.7716 | lr 8.00e-05 | grad_norm 0.32 | tok/s 286,778
step   2050/8576 | loss 1.7732 | lr 8.00e-05 | grad_norm 0.33 | tok/s 286,838
step   2060/8576 | loss 1.7791 | lr 8.00e-05 | grad_norm 0.33 | tok/s 286,719
step   2070/8576 | loss 1.7646 | lr 8.00e-05 | grad_norm 0.32 | tok/s 286,759
step   2080/8576 | loss 1.7768 | lr 8.00e-05 | grad_norm 0.31 | tok/s 286,898
step   2090/8576 | loss 1.7783 | lr 8.00e-05 | grad_norm 0.32 | tok/s 286,752
step   2100/8576 | loss 1.7662 | lr 8.00e-05 | grad_norm 0.33 | tok/s 286,771
step   2110/8576 | loss 1.7856 | lr 8.00e-05 | grad_norm 0.32 | tok/s 286,993
step   2120/8576 | loss 1.7574 | lr 8.00e-05 | grad_norm 0.30 | tok/s 286,729
step   2130/8576 | loss 1.7694 | lr 8.00e-05 | grad_norm 0.31 | tok/s 286,764
step   2140/8576 | loss 1.7655 | lr 8.00e-05 | grad_norm 0.33 | tok/s 286,785
step   2150/8576 | loss 1.7623 | lr 8.00e-05 | grad_norm 0.32 | tok/s 286,806
step   2160/8576 | loss 1.7732 | lr 8.00e-05 | grad_norm 0.33 | tok/s 286,772
step   2170/8576 | loss 1.7593 | lr 8.00e-05 | grad_norm 0.31 | tok/s 286,718
step   2180/8576 | loss 1.7739 | lr 8.00e-05 | grad_norm 0.34 | tok/s 286,715
step   2190/8576 | loss 1.7685 | lr 8.00e-05 | grad_norm 0.31 | tok/s 286,821
step   2200/8576 | loss 1.7685 | lr 8.00e-05 | grad_norm 0.33 | tok/s 286,877
step   2210/8576 | loss 1.7805 | lr 8.00e-05 | grad_norm 0.31 | tok/s 286,724
step   2220/8576 | loss 1.7688 | lr 8.00e-05 | grad_norm 0.34 | tok/s 286,821
step   2230/8576 | loss 1.7517 | lr 8.00e-05 | grad_norm 0.32 | tok/s 286,816
step   2240/8576 | loss 1.7588 | lr 8.00e-05 | grad_norm 0.38 | tok/s 286,781
step   2250/8576 | loss 1.7689 | lr 8.00e-05 | grad_norm 0.32 | tok/s 286,862
step   2260/8576 | loss 1.7653 | lr 8.00e-05 | grad_norm 0.31 | tok/s 286,809
step   2270/8576 | loss 1.7530 | lr 8.00e-05 | grad_norm 0.31 | tok/s 286,691
step   2280/8576 | loss 1.7644 | lr 8.00e-05 | grad_norm 0.34 | tok/s 286,917
step   2290/8576 | loss 1.7697 | lr 8.00e-05 | grad_norm 0.31 | tok/s 286,720
step   2300/8576 | loss 1.7584 | lr 8.00e-05 | grad_norm 0.31 | tok/s 286,917
step   2310/8576 | loss 1.7741 | lr 8.00e-05 | grad_norm 0.32 | tok/s 286,745
step   2320/8576 | loss 1.7676 | lr 8.00e-05 | grad_norm 0.32 | tok/s 286,802
step   2330/8576 | loss 1.7755 | lr 8.00e-05 | grad_norm 0.30 | tok/s 286,763
step   2340/8576 | loss 1.7611 | lr 8.00e-05 | grad_norm 0.36 | tok/s 286,981
step   2350/8576 | loss 1.7800 | lr 8.00e-05 | grad_norm 0.31 | tok/s 286,750
step   2360/8576 | loss 1.7631 | lr 8.00e-05 | grad_norm 0.30 | tok/s 286,902
step   2370/8576 | loss 1.7588 | lr 8.00e-05 | grad_norm 0.31 | tok/s 286,747
step   2380/8576 | loss 1.7672 | lr 8.00e-05 | grad_norm 0.32 | tok/s 286,963
step   2390/8576 | loss 1.7586 | lr 8.00e-05 | grad_norm 0.31 | tok/s 286,864
step   2400/8576 | loss 1.7572 | lr 8.00e-05 | grad_norm 0.31 | tok/s 286,781
step   2410/8576 | loss 1.7628 | lr 8.00e-05 | grad_norm 0.33 | tok/s 286,796
step   2420/8576 | loss 1.7383 | lr 8.00e-05 | grad_norm 0.32 | tok/s 286,843
step   2430/8576 | loss 1.7576 | lr 8.00e-05 | grad_norm 0.33 | tok/s 286,896
step   2440/8576 | loss 1.7657 | lr 8.00e-05 | grad_norm 0.32 | tok/s 286,945
step   2450/8576 | loss 1.7480 | lr 8.00e-05 | grad_norm 0.32 | tok/s 286,806
step   2460/8576 | loss 1.7664 | lr 8.00e-05 | grad_norm 0.31 | tok/s 286,746
step   2470/8576 | loss 1.7687 | lr 8.00e-05 | grad_norm 0.30 | tok/s 286,913
step   2480/8576 | loss 1.7614 | lr 8.00e-05 | grad_norm 0.31 | tok/s 286,786
step   2490/8576 | loss 1.7542 | lr 8.00e-05 | grad_norm 0.32 | tok/s 286,902
step   2500/8576 | loss 1.7681 | lr 8.00e-05 | grad_norm 0.31 | tok/s 286,919
step   2510/8576 | loss 1.7622 | lr 8.00e-05 | grad_norm 0.30 | tok/s 286,800
step   2520/8576 | loss 1.7581 | lr 8.00e-05 | grad_norm 0.30 | tok/s 286,798
step   2530/8576 | loss 1.7491 | lr 8.00e-05 | grad_norm 0.31 | tok/s 286,902
step   2540/8576 | loss 1.7501 | lr 8.00e-05 | grad_norm 0.33 | tok/s 286,854
step   2550/8576 | loss 1.7494 | lr 8.00e-05 | grad_norm 0.32 | tok/s 286,929
step   2560/8576 | loss 1.7601 | lr 8.00e-05 | grad_norm 0.31 | tok/s 286,981
step   2570/8576 | loss 1.7587 | lr 8.00e-05 | grad_norm 0.33 | tok/s 286,761
step   2580/8576 | loss 1.7553 | lr 8.00e-05 | grad_norm 0.32 | tok/s 286,886
step   2590/8576 | loss 1.7540 | lr 8.00e-05 | grad_norm 0.31 | tok/s 286,726
step   2600/8576 | loss 1.7500 | lr 8.00e-05 | grad_norm 0.31 | tok/s 286,779
step   2610/8576 | loss 1.7604 | lr 8.00e-05 | grad_norm 0.34 | tok/s 286,896
step   2620/8576 | loss 1.7783 | lr 8.00e-05 | grad_norm 0.33 | tok/s 286,872
step   2630/8576 | loss 1.7642 | lr 8.00e-05 | grad_norm 0.32 | tok/s 286,906
step   2640/8576 | loss 1.7513 | lr 8.00e-05 | grad_norm 0.32 | tok/s 286,883
step   2650/8576 | loss 1.7545 | lr 8.00e-05 | grad_norm 0.32 | tok/s 286,762
step   2660/8576 | loss 1.7408 | lr 8.00e-05 | grad_norm 0.32 | tok/s 286,827
step   2670/8576 | loss 1.7483 | lr 8.00e-05 | grad_norm 0.33 | tok/s 286,688
step   2680/8576 | loss 1.7454 | lr 8.00e-05 | grad_norm 0.32 | tok/s 286,717
step   2690/8576 | loss 1.7424 | lr 8.00e-05 | grad_norm 0.32 | tok/s 286,853
step   2700/8576 | loss 1.7386 | lr 8.00e-05 | grad_norm 0.30 | tok/s 286,794
step   2710/8576 | loss 1.7639 | lr 8.00e-05 | grad_norm 0.31 | tok/s 286,731
step   2720/8576 | loss 1.7561 | lr 8.00e-05 | grad_norm 0.31 | tok/s 286,721
step   2730/8576 | loss 1.7468 | lr 8.00e-05 | grad_norm 0.33 | tok/s 286,741
step   2740/8576 | loss 1.7474 | lr 8.00e-05 | grad_norm 0.33 | tok/s 286,893
step   2750/8576 | loss 1.7466 | lr 8.00e-05 | grad_norm 0.32 | tok/s 286,790
step   2760/8576 | loss 1.7538 | lr 8.00e-05 | grad_norm 0.33 | tok/s 286,818
step   2770/8576 | loss 1.7508 | lr 8.00e-05 | grad_norm 0.31 | tok/s 286,786
step   2780/8576 | loss 1.7559 | lr 8.00e-05 | grad_norm 0.31 | tok/s 286,868
step   2790/8576 | loss 1.7636 | lr 8.00e-05 | grad_norm 0.32 | tok/s 286,854
step   2800/8576 | loss 1.7543 | lr 8.00e-05 | grad_norm 0.34 | tok/s 286,877
step   2810/8576 | loss 1.7550 | lr 8.00e-05 | grad_norm 0.33 | tok/s 286,878
step   2820/8576 | loss 1.7466 | lr 8.00e-05 | grad_norm 0.35 | tok/s 287,031
step   2830/8576 | loss 1.7417 | lr 8.00e-05 | grad_norm 0.32 | tok/s 286,703
step   2840/8576 | loss 1.7468 | lr 8.00e-05 | grad_norm 0.33 | tok/s 286,692
step   2850/8576 | loss 1.7470 | lr 8.00e-05 | grad_norm 0.54 | tok/s 286,777
step   2860/8576 | loss 1.7464 | lr 8.00e-05 | grad_norm 0.32 | tok/s 286,821
step   2870/8576 | loss 1.7470 | lr 8.00e-05 | grad_norm 0.32 | tok/s 286,718
step   2880/8576 | loss 1.7465 | lr 8.00e-05 | grad_norm 0.32 | tok/s 286,740
step   2890/8576 | loss 1.7433 | lr 8.00e-05 | grad_norm 0.31 | tok/s 286,849
step   2900/8576 | loss 1.7485 | lr 8.00e-05 | grad_norm 0.33 | tok/s 286,682
step   2910/8576 | loss 1.7567 | lr 8.00e-05 | grad_norm 0.33 | tok/s 286,550
step   2920/8576 | loss 1.7518 | lr 8.00e-05 | grad_norm 0.35 | tok/s 286,720
step   2930/8576 | loss 1.7435 | lr 8.00e-05 | grad_norm 0.32 | tok/s 286,852
step   2940/8576 | loss 1.7534 | lr 8.00e-05 | grad_norm 0.32 | tok/s 286,767
step   2950/8576 | loss 1.7527 | lr 8.00e-05 | grad_norm 0.33 | tok/s 286,722
step   2960/8576 | loss 1.7415 | lr 8.00e-05 | grad_norm 0.33 | tok/s 286,723
step   2970/8576 | loss 1.7579 | lr 8.00e-05 | grad_norm 0.31 | tok/s 286,702
step   2980/8576 | loss 1.7354 | lr 8.00e-05 | grad_norm 0.31 | tok/s 286,833
step   2990/8576 | loss 1.7446 | lr 8.00e-05 | grad_norm 0.32 | tok/s 286,870
step   3000/8576 | loss 1.7499 | lr 8.00e-05 | grad_norm 0.34 | tok/s 286,754
step   3010/8576 | loss 1.7219 | lr 8.00e-05 | grad_norm 0.32 | tok/s 286,855
step   3020/8576 | loss 1.7493 | lr 8.00e-05 | grad_norm 0.32 | tok/s 286,803
step   3030/8576 | loss 1.7464 | lr 8.00e-05 | grad_norm 0.32 | tok/s 286,703
step   3040/8576 | loss 1.7446 | lr 8.00e-05 | grad_norm 0.33 | tok/s 286,826
step   3050/8576 | loss 1.7495 | lr 8.00e-05 | grad_norm 0.33 | tok/s 286,914
step   3060/8576 | loss 1.7373 | lr 8.00e-05 | grad_norm 0.32 | tok/s 286,836
step   3070/8576 | loss 1.7539 | lr 8.00e-05 | grad_norm 0.31 | tok/s 286,735
step   3080/8576 | loss 1.7505 | lr 8.00e-05 | grad_norm 0.33 | tok/s 286,999
step   3090/8576 | loss 1.7592 | lr 8.00e-05 | grad_norm 0.30 | tok/s 286,738
step   3100/8576 | loss 1.7575 | lr 8.00e-05 | grad_norm 0.33 | tok/s 286,829
step   3110/8576 | loss 1.7705 | lr 8.00e-05 | grad_norm 0.32 | tok/s 286,915
step   3120/8576 | loss 1.7668 | lr 8.00e-05 | grad_norm 0.31 | tok/s 286,774
step   3130/8576 | loss 1.7598 | lr 8.00e-05 | grad_norm 0.31 | tok/s 286,798
step   3140/8576 | loss 1.7635 | lr 8.00e-05 | grad_norm 0.31 | tok/s 286,732
step   3150/8576 | loss 1.7440 | lr 8.00e-05 | grad_norm 0.35 | tok/s 286,879
step   3160/8576 | loss 1.7515 | lr 8.00e-05 | grad_norm 0.32 | tok/s 286,814
step   3170/8576 | loss 1.7522 | lr 8.00e-05 | grad_norm 0.32 | tok/s 286,851
step   3180/8576 | loss 1.7669 | lr 8.00e-05 | grad_norm 0.32 | tok/s 286,814
step   3190/8576 | loss 1.7638 | lr 8.00e-05 | grad_norm 0.32 | tok/s 286,910
step   3200/8576 | loss 1.7634 | lr 8.00e-05 | grad_norm 0.31 | tok/s 286,811
step   3210/8576 | loss 1.7585 | lr 8.00e-05 | grad_norm 0.32 | tok/s 286,788
step   3220/8576 | loss 1.7478 | lr 8.00e-05 | grad_norm 0.36 | tok/s 286,835
step   3230/8576 | loss 1.7535 | lr 8.00e-05 | grad_norm 0.32 | tok/s 286,992
step   3240/8576 | loss 1.7516 | lr 8.00e-05 | grad_norm 0.31 | tok/s 286,776
step   3250/8576 | loss 1.7477 | lr 8.00e-05 | grad_norm 0.31 | tok/s 286,889
step   3260/8576 | loss 1.7503 | lr 8.00e-05 | grad_norm 0.32 | tok/s 286,782
step   3270/8576 | loss 1.7529 | lr 8.00e-05 | grad_norm 0.34 | tok/s 286,750
step   3280/8576 | loss 1.7555 | lr 8.00e-05 | grad_norm 0.31 | tok/s 286,870
step   3290/8576 | loss 1.7402 | lr 8.00e-05 | grad_norm 0.33 | tok/s 286,860
step   3300/8576 | loss 1.7562 | lr 8.00e-05 | grad_norm 0.31 | tok/s 286,720
step   3310/8576 | loss 1.7595 | lr 8.00e-05 | grad_norm 0.36 | tok/s 286,794
step   3320/8576 | loss 1.7553 | lr 8.00e-05 | grad_norm 0.31 | tok/s 286,818
step   3330/8576 | loss 1.7456 | lr 8.00e-05 | grad_norm 0.33 | tok/s 286,912
step   3340/8576 | loss 1.7588 | lr 8.00e-05 | grad_norm 0.31 | tok/s 286,796
step   3350/8576 | loss 1.7438 | lr 8.00e-05 | grad_norm 0.32 | tok/s 286,931
step   3360/8576 | loss 1.7534 | lr 8.00e-05 | grad_norm 0.33 | tok/s 286,735
step   3370/8576 | loss 1.7370 | lr 8.00e-05 | grad_norm 0.32 | tok/s 286,863
step   3380/8576 | loss 1.7348 | lr 8.00e-05 | grad_norm 0.32 | tok/s 286,847
step   3390/8576 | loss 1.7676 | lr 8.00e-05 | grad_norm 0.32 | tok/s 286,721
step   3400/8576 | loss 1.7605 | lr 8.00e-05 | grad_norm 0.32 | tok/s 286,844
step   3410/8576 | loss 1.7443 | lr 8.00e-05 | grad_norm 0.32 | tok/s 286,826
step   3420/8576 | loss 1.7422 | lr 8.00e-05 | grad_norm 0.32 | tok/s 286,722
step   3430/8576 | loss 1.7391 | lr 8.00e-05 | grad_norm 0.33 | tok/s 286,905
step   3440/8576 | loss 1.7438 | lr 8.00e-05 | grad_norm 0.33 | tok/s 286,796
step   3450/8576 | loss 1.7495 | lr 8.00e-05 | grad_norm 0.33 | tok/s 286,817
step   3460/8576 | loss 1.7487 | lr 8.00e-05 | grad_norm 0.32 | tok/s 286,752
step   3470/8576 | loss 1.7302 | lr 8.00e-05 | grad_norm 0.32 | tok/s 286,882
step   3480/8576 | loss 1.7420 | lr 8.00e-05 | grad_norm 0.31 | tok/s 286,841
step   3490/8576 | loss 1.7356 | lr 8.00e-05 | grad_norm 0.33 | tok/s 286,808
step   3500/8576 | loss 1.7440 | lr 8.00e-05 | grad_norm 0.32 | tok/s 286,865
step   3510/8576 | loss 1.7435 | lr 8.00e-05 | grad_norm 0.31 | tok/s 286,769
step   3520/8576 | loss 1.7592 | lr 8.00e-05 | grad_norm 0.31 | tok/s 286,872
step   3530/8576 | loss 1.7429 | lr 8.00e-05 | grad_norm 0.33 | tok/s 286,911
step   3540/8576 | loss 1.7375 | lr 8.00e-05 | grad_norm 0.34 | tok/s 286,840
step   3550/8576 | loss 1.7496 | lr 8.00e-05 | grad_norm 0.33 | tok/s 286,735
step   3560/8576 | loss 1.7320 | lr 8.00e-05 | grad_norm 0.31 | tok/s 286,715
step   3570/8576 | loss 1.7457 | lr 8.00e-05 | grad_norm 0.34 | tok/s 286,731
step   3580/8576 | loss 1.7376 | lr 8.00e-05 | grad_norm 0.31 | tok/s 286,700
step   3590/8576 | loss 1.7473 | lr 8.00e-05 | grad_norm 0.33 | tok/s 286,826
step   3600/8576 | loss 1.7388 | lr 8.00e-05 | grad_norm 0.32 | tok/s 286,811
step   3610/8576 | loss 1.7359 | lr 8.00e-05 | grad_norm 0.32 | tok/s 286,908
step   3620/8576 | loss 1.7368 | lr 8.00e-05 | grad_norm 0.31 | tok/s 286,979
step   3630/8576 | loss 1.7468 | lr 8.00e-05 | grad_norm 0.33 | tok/s 286,688
step   3640/8576 | loss 1.7267 | lr 8.00e-05 | grad_norm 0.35 | tok/s 286,793
step   3650/8576 | loss 1.7307 | lr 8.00e-05 | grad_norm 0.33 | tok/s 286,855
step   3660/8576 | loss 1.7472 | lr 8.00e-05 | grad_norm 0.32 | tok/s 286,730
step   3670/8576 | loss 1.7424 | lr 8.00e-05 | grad_norm 0.32 | tok/s 286,907
step   3680/8576 | loss 1.7355 | lr 8.00e-05 | grad_norm 0.31 | tok/s 286,823
step   3690/8576 | loss 1.7512 | lr 8.00e-05 | grad_norm 0.31 | tok/s 286,741
step   3700/8576 | loss 1.7238 | lr 8.00e-05 | grad_norm 0.32 | tok/s 286,820
step   3710/8576 | loss 1.7372 | lr 8.00e-05 | grad_norm 0.32 | tok/s 286,935
step   3720/8576 | loss 1.7494 | lr 8.00e-05 | grad_norm 0.33 | tok/s 286,963
step   3730/8576 | loss 1.7342 | lr 8.00e-05 | grad_norm 0.30 | tok/s 286,762
step   3740/8576 | loss 1.7453 | lr 8.00e-05 | grad_norm 0.33 | tok/s 286,897
step   3750/8576 | loss 1.7301 | lr 8.00e-05 | grad_norm 0.31 | tok/s 286,747
step   3760/8576 | loss 1.7442 | lr 8.00e-05 | grad_norm 0.31 | tok/s 286,834
step   3770/8576 | loss 1.7348 | lr 8.00e-05 | grad_norm 0.31 | tok/s 286,723
step   3780/8576 | loss 1.7469 | lr 8.00e-05 | grad_norm 0.32 | tok/s 286,756
step   3790/8576 | loss 1.7421 | lr 8.00e-05 | grad_norm 0.32 | tok/s 286,900
step   3800/8576 | loss 1.7237 | lr 8.00e-05 | grad_norm 0.32 | tok/s 286,763
step   3810/8576 | loss 1.7392 | lr 8.00e-05 | grad_norm 0.34 | tok/s 286,974
step   3820/8576 | loss 1.7296 | lr 8.00e-05 | grad_norm 0.32 | tok/s 286,844
step   3830/8576 | loss 1.7372 | lr 8.00e-05 | grad_norm 0.32 | tok/s 286,812
step   3840/8576 | loss 1.7375 | lr 8.00e-05 | grad_norm 0.32 | tok/s 286,600
step   3850/8576 | loss 1.7328 | lr 8.00e-05 | grad_norm 0.33 | tok/s 286,894
step   3860/8576 | loss 1.7334 | lr 8.00e-05 | grad_norm 0.33 | tok/s 286,923
step   3870/8576 | loss 1.7375 | lr 8.00e-05 | grad_norm 0.33 | tok/s 286,888
step   3880/8576 | loss 1.7369 | lr 8.00e-05 | grad_norm 0.33 | tok/s 286,873
step   3890/8576 | loss 1.7427 | lr 8.00e-05 | grad_norm 0.35 | tok/s 286,795
step   3900/8576 | loss 1.7338 | lr 8.00e-05 | grad_norm 0.32 | tok/s 286,899
step   3910/8576 | loss 1.7268 | lr 8.00e-05 | grad_norm 0.34 | tok/s 286,847
step   3920/8576 | loss 1.7290 | lr 8.00e-05 | grad_norm 0.34 | tok/s 286,933
step   3930/8576 | loss 1.7420 | lr 8.00e-05 | grad_norm 0.34 | tok/s 286,721
step   3940/8576 | loss 1.7374 | lr 8.00e-05 | grad_norm 0.33 | tok/s 286,894
step   3950/8576 | loss 1.7155 | lr 8.00e-05 | grad_norm 0.33 | tok/s 286,758
step   3960/8576 | loss 1.7253 | lr 8.00e-05 | grad_norm 0.34 | tok/s 286,838
step   3970/8576 | loss 1.7486 | lr 8.00e-05 | grad_norm 0.33 | tok/s 286,898
step   3980/8576 | loss 1.7410 | lr 8.00e-05 | grad_norm 0.37 | tok/s 286,939
step   3990/8576 | loss 1.7434 | lr 8.00e-05 | grad_norm 0.33 | tok/s 286,914
step   4000/8576 | loss 1.7283 | lr 8.00e-05 | grad_norm 0.30 | tok/s 286,898
step   4010/8576 | loss 1.7346 | lr 8.00e-05 | grad_norm 0.32 | tok/s 286,910
step   4020/8576 | loss 1.7288 | lr 8.00e-05 | grad_norm 0.32 | tok/s 286,954
step   4030/8576 | loss 1.7311 | lr 8.00e-05 | grad_norm 0.32 | tok/s 286,878
step   4040/8576 | loss 1.7232 | lr 8.00e-05 | grad_norm 0.30 | tok/s 286,984
step   4050/8576 | loss 1.7340 | lr 8.00e-05 | grad_norm 0.31 | tok/s 286,954
step   4060/8576 | loss 1.7462 | lr 8.00e-05 | grad_norm 0.31 | tok/s 286,794
step   4070/8576 | loss 1.7248 | lr 8.00e-05 | grad_norm 0.31 | tok/s 287,015
step   4080/8576 | loss 1.7380 | lr 8.00e-05 | grad_norm 0.34 | tok/s 286,789
step   4090/8576 | loss 1.7180 | lr 8.00e-05 | grad_norm 0.36 | tok/s 286,788
step   4100/8576 | loss 1.7364 | lr 8.00e-05 | grad_norm 0.36 | tok/s 286,825
step   4110/8576 | loss 1.7445 | lr 8.00e-05 | grad_norm 0.35 | tok/s 286,940
step   4120/8576 | loss 1.7456 | lr 8.00e-05 | grad_norm 2.20 | tok/s 286,801
step   4130/8576 | loss 1.7230 | lr 8.00e-05 | grad_norm 0.31 | tok/s 286,994
step   4140/8576 | loss 1.7318 | lr 8.00e-05 | grad_norm 0.31 | tok/s 286,928
step   4150/8576 | loss 1.7550 | lr 8.00e-05 | grad_norm 0.34 | tok/s 286,685
step   4160/8576 | loss 1.7253 | lr 8.00e-05 | grad_norm 0.33 | tok/s 286,921
step   4170/8576 | loss 1.7385 | lr 8.00e-05 | grad_norm 0.35 | tok/s 286,785
step   4180/8576 | loss 1.7390 | lr 8.00e-05 | grad_norm 0.33 | tok/s 286,647
step   4190/8576 | loss 1.7350 | lr 8.00e-05 | grad_norm 0.33 | tok/s 286,817
step   4200/8576 | loss 1.7472 | lr 8.00e-05 | grad_norm 0.32 | tok/s 286,813
step   4210/8576 | loss 1.7379 | lr 8.00e-05 | grad_norm 0.31 | tok/s 286,836
step   4220/8576 | loss 1.7372 | lr 8.00e-05 | grad_norm 0.31 | tok/s 286,679
step   4230/8576 | loss 1.7305 | lr 8.00e-05 | grad_norm 0.32 | tok/s 286,836
step   4240/8576 | loss 1.7401 | lr 8.00e-05 | grad_norm 0.33 | tok/s 286,701
step   4250/8576 | loss 1.7406 | lr 8.00e-05 | grad_norm 0.31 | tok/s 286,642
step   4260/8576 | loss 1.7193 | lr 8.00e-05 | grad_norm 0.32 | tok/s 286,708
step   4270/8576 | loss 1.7396 | lr 8.00e-05 | grad_norm 0.31 | tok/s 286,831
step   4280/8576 | loss 1.7497 | lr 8.00e-05 | grad_norm 0.34 | tok/s 287,000
[ckpt] saved -> /mnt/weka/mmusayelyan/tinyllama_ct_math_uniform/step-4288
step   4290/8576 | loss 1.7253 | lr 8.00e-05 | grad_norm 2.67 | tok/s 241,939
step   4300/8576 | loss 1.7538 | lr 8.00e-05 | grad_norm 0.33 | tok/s 287,004
step   4310/8576 | loss 1.7533 | lr 8.00e-05 | grad_norm 0.31 | tok/s 286,757
step   4320/8576 | loss 1.7333 | lr 8.00e-05 | grad_norm 0.31 | tok/s 286,765
step   4330/8576 | loss 1.7275 | lr 8.00e-05 | grad_norm 0.31 | tok/s 286,918
step   4340/8576 | loss 1.7373 | lr 8.00e-05 | grad_norm 0.32 | tok/s 286,766
step   4350/8576 | loss 1.7257 | lr 8.00e-05 | grad_norm 0.31 | tok/s 286,703
step   4360/8576 | loss 1.7382 | lr 8.00e-05 | grad_norm 0.31 | tok/s 286,688
step   4370/8576 | loss 1.7334 | lr 8.00e-05 | grad_norm 0.32 | tok/s 286,681
step   4380/8576 | loss 1.7462 | lr 8.00e-05 | grad_norm 0.31 | tok/s 286,759
step   4390/8576 | loss 1.7402 | lr 8.00e-05 | grad_norm 0.31 | tok/s 286,825
step   4400/8576 | loss 1.7187 | lr 8.00e-05 | grad_norm 0.33 | tok/s 286,848
step   4410/8576 | loss 1.7198 | lr 8.00e-05 | grad_norm 0.32 | tok/s 286,933
step   4420/8576 | loss 1.7374 | lr 8.00e-05 | grad_norm 0.31 | tok/s 286,673
step   4430/8576 | loss 1.7385 | lr 8.00e-05 | grad_norm 0.32 | tok/s 286,562
step   4440/8576 | loss 1.7478 | lr 8.00e-05 | grad_norm 0.32 | tok/s 286,705
step   4450/8576 | loss 1.7249 | lr 8.00e-05 | grad_norm 0.31 | tok/s 286,883
step   4460/8576 | loss 1.7273 | lr 8.00e-05 | grad_norm 0.36 | tok/s 286,715
step   4470/8576 | loss 1.7360 | lr 8.00e-05 | grad_norm 0.34 | tok/s 286,798
step   4480/8576 | loss 1.7408 | lr 8.00e-05 | grad_norm 0.35 | tok/s 286,747
step   4490/8576 | loss 1.7477 | lr 8.00e-05 | grad_norm 0.36 | tok/s 286,894
step   4500/8576 | loss 1.7505 | lr 8.00e-05 | grad_norm 0.33 | tok/s 286,820
step   4510/8576 | loss 1.7404 | lr 8.00e-05 | grad_norm 0.33 | tok/s 286,729
step   4520/8576 | loss 1.7253 | lr 8.00e-05 | grad_norm 0.30 | tok/s 286,672
step   4530/8576 | loss 1.7206 | lr 8.00e-05 | grad_norm 0.33 | tok/s 286,609
step   4540/8576 | loss 1.7379 | lr 8.00e-05 | grad_norm 0.33 | tok/s 286,701
step   4550/8576 | loss 1.7219 | lr 8.00e-05 | grad_norm 0.32 | tok/s 286,810
step   4560/8576 | loss 1.7146 | lr 8.00e-05 | grad_norm 0.31 | tok/s 286,896
step   4570/8576 | loss 1.7406 | lr 8.00e-05 | grad_norm 0.31 | tok/s 286,826
step   4580/8576 | loss 1.7320 | lr 8.00e-05 | grad_norm 0.38 | tok/s 286,558
step   4590/8576 | loss 1.7252 | lr 8.00e-05 | grad_norm 0.33 | tok/s 286,795
step   4600/8576 | loss 1.7314 | lr 8.00e-05 | grad_norm 0.33 | tok/s 286,827
step   4610/8576 | loss 1.7245 | lr 8.00e-05 | grad_norm 0.31 | tok/s 286,735
step   4620/8576 | loss 1.7316 | lr 8.00e-05 | grad_norm 0.31 | tok/s 286,773
step   4630/8576 | loss 1.7332 | lr 8.00e-05 | grad_norm 0.33 | tok/s 286,752
step   4640/8576 | loss 1.7412 | lr 8.00e-05 | grad_norm 0.31 | tok/s 286,891
step   4650/8576 | loss 1.7342 | lr 8.00e-05 | grad_norm 0.36 | tok/s 286,645
step   4660/8576 | loss 1.7273 | lr 8.00e-05 | grad_norm 0.31 | tok/s 286,601
step   4670/8576 | loss 1.7341 | lr 8.00e-05 | grad_norm 0.31 | tok/s 286,862
step   4680/8576 | loss 1.7316 | lr 8.00e-05 | grad_norm 0.30 | tok/s 286,808
step   4690/8576 | loss 1.7192 | lr 8.00e-05 | grad_norm 0.31 | tok/s 286,840
step   4700/8576 | loss 1.7312 | lr 8.00e-05 | grad_norm 0.33 | tok/s 286,754
step   4710/8576 | loss 1.7255 | lr 8.00e-05 | grad_norm 0.32 | tok/s 286,886
step   4720/8576 | loss 1.7297 | lr 8.00e-05 | grad_norm 0.35 | tok/s 286,733
step   4730/8576 | loss 1.7188 | lr 8.00e-05 | grad_norm 0.34 | tok/s 286,808
step   4740/8576 | loss 1.7402 | lr 8.00e-05 | grad_norm 0.48 | tok/s 286,740
step   4750/8576 | loss 1.7336 | lr 8.00e-05 | grad_norm 0.32 | tok/s 286,652
step   4760/8576 | loss 1.7324 | lr 8.00e-05 | grad_norm 0.31 | tok/s 286,829
step   4770/8576 | loss 1.7392 | lr 8.00e-05 | grad_norm 0.34 | tok/s 286,737
step   4780/8576 | loss 1.7163 | lr 8.00e-05 | grad_norm 0.32 | tok/s 286,776
step   4790/8576 | loss 1.7164 | lr 8.00e-05 | grad_norm 0.33 | tok/s 286,794
step   4800/8576 | loss 1.7168 | lr 8.00e-05 | grad_norm 0.32 | tok/s 286,778
step   4810/8576 | loss 1.7321 | lr 8.00e-05 | grad_norm 0.36 | tok/s 286,814
step   4820/8576 | loss 1.7192 | lr 8.00e-05 | grad_norm 0.33 | tok/s 286,735
step   4830/8576 | loss 1.7154 | lr 8.00e-05 | grad_norm 0.33 | tok/s 286,876
step   4840/8576 | loss 1.7182 | lr 8.00e-05 | grad_norm 0.32 | tok/s 286,699
step   4850/8576 | loss 1.7228 | lr 8.00e-05 | grad_norm 0.34 | tok/s 286,924
step   4860/8576 | loss 1.7294 | lr 8.00e-05 | grad_norm 0.33 | tok/s 286,925
step   4870/8576 | loss 1.7180 | lr 8.00e-05 | grad_norm 0.31 | tok/s 286,661
step   4880/8576 | loss 1.7375 | lr 8.00e-05 | grad_norm 0.32 | tok/s 286,861
step   4890/8576 | loss 1.7302 | lr 8.00e-05 | grad_norm 0.32 | tok/s 286,914
step   4900/8576 | loss 1.7181 | lr 8.00e-05 | grad_norm 0.33 | tok/s 286,615
step   4910/8576 | loss 1.7337 | lr 8.00e-05 | grad_norm 0.35 | tok/s 286,689
step   4920/8576 | loss 1.7288 | lr 8.00e-05 | grad_norm 0.37 | tok/s 286,919
step   4930/8576 | loss 1.7277 | lr 8.00e-05 | grad_norm 0.37 | tok/s 286,835
step   4940/8576 | loss 1.7128 | lr 8.00e-05 | grad_norm 0.34 | tok/s 286,822
step   4950/8576 | loss 1.7193 | lr 8.00e-05 | grad_norm 0.35 | tok/s 286,927
step   4960/8576 | loss 1.7167 | lr 8.00e-05 | grad_norm 0.31 | tok/s 286,787
step   4970/8576 | loss 1.7317 | lr 8.00e-05 | grad_norm 0.30 | tok/s 286,866
step   4980/8576 | loss 1.7351 | lr 8.00e-05 | grad_norm 0.32 | tok/s 286,888
step   4990/8576 | loss 1.7037 | lr 8.00e-05 | grad_norm 0.32 | tok/s 286,951
step   5000/8576 | loss 1.7215 | lr 8.00e-05 | grad_norm 0.33 | tok/s 286,828
step   5010/8576 | loss 1.7291 | lr 8.00e-05 | grad_norm 0.32 | tok/s 286,710
step   5020/8576 | loss 1.7221 | lr 8.00e-05 | grad_norm 0.32 | tok/s 286,784
step   5030/8576 | loss 1.7167 | lr 8.00e-05 | grad_norm 0.33 | tok/s 286,643
step   5040/8576 | loss 1.7184 | lr 8.00e-05 | grad_norm 0.93 | tok/s 286,694
step   5050/8576 | loss 1.7142 | lr 8.00e-05 | grad_norm 0.32 | tok/s 286,896
step   5060/8576 | loss 1.7142 | lr 8.00e-05 | grad_norm 0.32 | tok/s 286,699
step   5070/8576 | loss 1.7126 | lr 8.00e-05 | grad_norm 0.32 | tok/s 286,845
step   5080/8576 | loss 1.7117 | lr 8.00e-05 | grad_norm 0.34 | tok/s 286,839
step   5090/8576 | loss 1.7112 | lr 8.00e-05 | grad_norm 0.34 | tok/s 286,760
step   5100/8576 | loss 1.7225 | lr 8.00e-05 | grad_norm 0.33 | tok/s 286,839
step   5110/8576 | loss 1.7230 | lr 8.00e-05 | grad_norm 0.34 | tok/s 286,899
step   5120/8576 | loss 1.7408 | lr 8.00e-05 | grad_norm 0.35 | tok/s 286,882
step   5130/8576 | loss 1.7583 | lr 8.00e-05 | grad_norm 0.32 | tok/s 286,899
step   5140/8576 | loss 1.7527 | lr 8.00e-05 | grad_norm 0.33 | tok/s 286,721
step   5150/8576 | loss 1.7491 | lr 8.00e-05 | grad_norm 0.32 | tok/s 286,677
step   5160/8576 | loss 1.7524 | lr 8.00e-05 | grad_norm 0.34 | tok/s 286,820
step   5170/8576 | loss 1.7426 | lr 8.00e-05 | grad_norm 0.32 | tok/s 286,741
step   5180/8576 | loss 1.7491 | lr 8.00e-05 | grad_norm 0.33 | tok/s 286,572
step   5190/8576 | loss 1.7402 | lr 8.00e-05 | grad_norm 0.33 | tok/s 286,630
step   5200/8576 | loss 1.7406 | lr 8.00e-05 | grad_norm 0.34 | tok/s 286,619
step   5210/8576 | loss 1.7285 | lr 8.00e-05 | grad_norm 0.33 | tok/s 286,489
step   5220/8576 | loss 1.7485 | lr 8.00e-05 | grad_norm 0.33 | tok/s 286,820
step   5230/8576 | loss 1.7324 | lr 8.00e-05 | grad_norm 0.32 | tok/s 286,693
step   5240/8576 | loss 1.7523 | lr 8.00e-05 | grad_norm 0.31 | tok/s 286,694
step   5250/8576 | loss 1.7262 | lr 8.00e-05 | grad_norm 0.30 | tok/s 286,908
step   5260/8576 | loss 1.7435 | lr 8.00e-05 | grad_norm 0.32 | tok/s 286,881
step   5270/8576 | loss 1.7317 | lr 8.00e-05 | grad_norm 0.33 | tok/s 286,784
step   5280/8576 | loss 1.7288 | lr 8.00e-05 | grad_norm 0.33 | tok/s 286,793
step   5290/8576 | loss 1.7428 | lr 8.00e-05 | grad_norm 0.32 | tok/s 286,762
step   5300/8576 | loss 1.7459 | lr 8.00e-05 | grad_norm 0.32 | tok/s 286,780
step   5310/8576 | loss 1.7396 | lr 8.00e-05 | grad_norm 0.31 | tok/s 286,834
step   5320/8576 | loss 1.7379 | lr 8.00e-05 | grad_norm 0.34 | tok/s 286,881
step   5330/8576 | loss 1.7245 | lr 8.00e-05 | grad_norm 0.37 | tok/s 286,770
step   5340/8576 | loss 1.7398 | lr 8.00e-05 | grad_norm 0.33 | tok/s 286,878
step   5350/8576 | loss 1.7418 | lr 8.00e-05 | grad_norm 0.35 | tok/s 286,861
step   5360/8576 | loss 1.7424 | lr 8.00e-05 | grad_norm 0.35 | tok/s 286,912
step   5370/8576 | loss 1.7360 | lr 8.00e-05 | grad_norm 0.33 | tok/s 286,765
step   5380/8576 | loss 1.7371 | lr 8.00e-05 | grad_norm 0.32 | tok/s 286,844
step   5390/8576 | loss 1.7359 | lr 8.00e-05 | grad_norm 0.35 | tok/s 286,890
step   5400/8576 | loss 1.7448 | lr 8.00e-05 | grad_norm 0.31 | tok/s 286,872
step   5410/8576 | loss 1.7291 | lr 8.00e-05 | grad_norm 0.33 | tok/s 286,767
step   5420/8576 | loss 1.7274 | lr 8.00e-05 | grad_norm 0.32 | tok/s 286,807
step   5430/8576 | loss 1.7273 | lr 8.00e-05 | grad_norm 0.81 | tok/s 286,670
step   5440/8576 | loss 1.7455 | lr 8.00e-05 | grad_norm 0.49 | tok/s 286,752
step   5450/8576 | loss 1.7276 | lr 8.00e-05 | grad_norm 0.33 | tok/s 286,841
step   5460/8576 | loss 1.7393 | lr 8.00e-05 | grad_norm 0.32 | tok/s 286,625
step   5470/8576 | loss 1.7136 | lr 8.00e-05 | grad_norm 0.32 | tok/s 286,833
step   5480/8576 | loss 1.7343 | lr 8.00e-05 | grad_norm 0.33 | tok/s 286,825
step   5490/8576 | loss 1.7350 | lr 8.00e-05 | grad_norm 0.32 | tok/s 286,848
step   5500/8576 | loss 1.7397 | lr 8.00e-05 | grad_norm 0.33 | tok/s 286,748
step   5510/8576 | loss 1.7264 | lr 8.00e-05 | grad_norm 0.33 | tok/s 286,864
step   5520/8576 | loss 1.7390 | lr 8.00e-05 | grad_norm 0.35 | tok/s 286,863
step   5530/8576 | loss 1.7266 | lr 8.00e-05 | grad_norm 0.32 | tok/s 286,904
step   5540/8576 | loss 1.7453 | lr 8.00e-05 | grad_norm 0.32 | tok/s 286,818
step   5550/8576 | loss 1.7341 | lr 8.00e-05 | grad_norm 0.33 | tok/s 286,791
step   5560/8576 | loss 1.7388 | lr 8.00e-05 | grad_norm 0.33 | tok/s 286,841
step   5570/8576 | loss 1.7358 | lr 8.00e-05 | grad_norm 0.33 | tok/s 286,870
step   5580/8576 | loss 1.7402 | lr 8.00e-05 | grad_norm 0.30 | tok/s 286,674
step   5590/8576 | loss 1.7325 | lr 8.00e-05 | grad_norm 0.31 | tok/s 286,699
step   5600/8576 | loss 1.7299 | lr 8.00e-05 | grad_norm 0.33 | tok/s 286,788
step   5610/8576 | loss 1.7263 | lr 8.00e-05 | grad_norm 0.31 | tok/s 286,629
step   5620/8576 | loss 1.7343 | lr 8.00e-05 | grad_norm 0.32 | tok/s 286,778
step   5630/8576 | loss 1.7278 | lr 8.00e-05 | grad_norm 0.33 | tok/s 286,518
step   5640/8576 | loss 1.7319 | lr 8.00e-05 | grad_norm 0.35 | tok/s 286,688
step   5650/8576 | loss 1.7387 | lr 8.00e-05 | grad_norm 1.19 | tok/s 286,758
step   5660/8576 | loss 1.7218 | lr 8.00e-05 | grad_norm 0.32 | tok/s 286,765
step   5670/8576 | loss 1.7364 | lr 8.00e-05 | grad_norm 0.87 | tok/s 286,728
step   5680/8576 | loss 1.7335 | lr 8.00e-05 | grad_norm 0.33 | tok/s 286,819
step   5690/8576 | loss 1.7440 | lr 8.00e-05 | grad_norm 0.35 | tok/s 286,712
step   5700/8576 | loss 1.7291 | lr 8.00e-05 | grad_norm 0.34 | tok/s 286,777
step   5710/8576 | loss 1.7356 | lr 8.00e-05 | grad_norm 0.33 | tok/s 286,909
step   5720/8576 | loss 1.7199 | lr 8.00e-05 | grad_norm 0.35 | tok/s 286,627
step   5730/8576 | loss 1.7212 | lr 8.00e-05 | grad_norm 0.33 | tok/s 286,577
step   5740/8576 | loss 1.7437 | lr 8.00e-05 | grad_norm 0.35 | tok/s 286,805
step   5750/8576 | loss 1.7247 | lr 8.00e-05 | grad_norm 5.31 | tok/s 286,865
step   5760/8576 | loss 1.7441 | lr 8.00e-05 | grad_norm 0.85 | tok/s 286,916
step   5770/8576 | loss 1.7296 | lr 8.00e-05 | grad_norm 2.48 | tok/s 286,752
step   5780/8576 | loss 1.7285 | lr 8.00e-05 | grad_norm 0.34 | tok/s 286,916
step   5790/8576 | loss 1.7359 | lr 8.00e-05 | grad_norm 0.39 | tok/s 286,879
step   5800/8576 | loss 1.7478 | lr 8.00e-05 | grad_norm 0.32 | tok/s 286,713
step   5810/8576 | loss 1.7254 | lr 8.00e-05 | grad_norm 0.36 | tok/s 287,004
step   5820/8576 | loss 1.7284 | lr 8.00e-05 | grad_norm 0.33 | tok/s 286,756
step   5830/8576 | loss 1.7408 | lr 8.00e-05 | grad_norm 0.32 | tok/s 286,860
step   5840/8576 | loss 1.7213 | lr 8.00e-05 | grad_norm 0.32 | tok/s 286,759
step   5850/8576 | loss 1.7253 | lr 8.00e-05 | grad_norm 0.37 | tok/s 286,775
step   5860/8576 | loss 1.7249 | lr 8.00e-05 | grad_norm 0.35 | tok/s 286,700
step   5870/8576 | loss 1.7428 | lr 8.00e-05 | grad_norm 0.32 | tok/s 286,921
step   5880/8576 | loss 1.7269 | lr 8.00e-05 | grad_norm 0.90 | tok/s 286,795
step   5890/8576 | loss 1.7257 | lr 8.00e-05 | grad_norm 0.33 | tok/s 286,770
step   5900/8576 | loss 1.7187 | lr 8.00e-05 | grad_norm 0.32 | tok/s 286,826
step   5910/8576 | loss 1.7261 | lr 8.00e-05 | grad_norm 0.33 | tok/s 286,803
step   5920/8576 | loss 1.7278 | lr 8.00e-05 | grad_norm 0.34 | tok/s 286,713
step   5930/8576 | loss 1.7193 | lr 8.00e-05 | grad_norm 0.47 | tok/s 286,833
step   5940/8576 | loss 1.7200 | lr 8.00e-05 | grad_norm 0.33 | tok/s 286,818
step   5950/8576 | loss 1.7226 | lr 8.00e-05 | grad_norm 0.33 | tok/s 286,729
step   5960/8576 | loss 1.7183 | lr 8.00e-05 | grad_norm 0.32 | tok/s 286,655
step   5970/8576 | loss 1.7211 | lr 8.00e-05 | grad_norm 0.95 | tok/s 286,894
step   5980/8576 | loss 1.7289 | lr 8.00e-05 | grad_norm 0.33 | tok/s 286,888
step   5990/8576 | loss 1.7250 | lr 8.00e-05 | grad_norm 0.33 | tok/s 286,770
step   6000/8576 | loss 1.7340 | lr 8.00e-05 | grad_norm 0.32 | tok/s 286,653
step   6010/8576 | loss 1.7228 | lr 8.00e-05 | grad_norm 0.33 | tok/s 286,740
step   6020/8576 | loss 1.7393 | lr 8.00e-05 | grad_norm 0.34 | tok/s 286,633
step   6030/8576 | loss 1.7244 | lr 8.00e-05 | grad_norm 0.39 | tok/s 286,615
step   6040/8576 | loss 1.7240 | lr 8.00e-05 | grad_norm 0.31 | tok/s 286,641
step   6050/8576 | loss 1.7261 | lr 8.00e-05 | grad_norm 0.34 | tok/s 286,765
step   6060/8576 | loss 1.7233 | lr 8.00e-05 | grad_norm 0.36 | tok/s 286,617
step   6070/8576 | loss 1.7267 | lr 8.00e-05 | grad_norm 0.33 | tok/s 286,596
step   6080/8576 | loss 1.7245 | lr 8.00e-05 | grad_norm 0.34 | tok/s 286,726
step   6090/8576 | loss 1.7287 | lr 8.00e-05 | grad_norm 0.33 | tok/s 286,598
step   6100/8576 | loss 1.7232 | lr 8.00e-05 | grad_norm 0.32 | tok/s 286,544
step   6110/8576 | loss 1.7343 | lr 8.00e-05 | grad_norm 0.32 | tok/s 286,659
step   6120/8576 | loss 1.7231 | lr 8.00e-05 | grad_norm 0.32 | tok/s 286,879
step   6130/8576 | loss 1.7221 | lr 8.00e-05 | grad_norm 0.32 | tok/s 286,860
step   6140/8576 | loss 1.7207 | lr 8.00e-05 | grad_norm 0.31 | tok/s 286,734
step   6150/8576 | loss 1.7272 | lr 8.00e-05 | grad_norm 0.35 | tok/s 286,905
step   6160/8576 | loss 1.7331 | lr 8.00e-05 | grad_norm 0.32 | tok/s 286,844
step   6170/8576 | loss 1.7359 | lr 8.00e-05 | grad_norm 0.34 | tok/s 286,941
step   6180/8576 | loss 1.7317 | lr 8.00e-05 | grad_norm 0.35 | tok/s 286,748
step   6190/8576 | loss 1.7244 | lr 8.00e-05 | grad_norm 0.31 | tok/s 286,972
step   6200/8576 | loss 1.7230 | lr 8.00e-05 | grad_norm 0.31 | tok/s 286,837
step   6210/8576 | loss 1.7238 | lr 8.00e-05 | grad_norm 0.34 | tok/s 287,038
step   6220/8576 | loss 1.7190 | lr 8.00e-05 | grad_norm 0.34 | tok/s 286,838
step   6230/8576 | loss 1.7251 | lr 8.00e-05 | grad_norm 0.32 | tok/s 286,924
step   6240/8576 | loss 1.7345 | lr 8.00e-05 | grad_norm 0.32 | tok/s 287,018
step   6250/8576 | loss 1.7295 | lr 8.00e-05 | grad_norm 0.33 | tok/s 286,994
step   6260/8576 | loss 1.7332 | lr 8.00e-05 | grad_norm 0.35 | tok/s 286,936
step   6270/8576 | loss 1.7131 | lr 8.00e-05 | grad_norm 0.32 | tok/s 286,823
step   6280/8576 | loss 1.7228 | lr 8.00e-05 | grad_norm 0.32 | tok/s 287,079
step   6290/8576 | loss 1.7355 | lr 8.00e-05 | grad_norm 0.33 | tok/s 286,982
step   6300/8576 | loss 1.7090 | lr 8.00e-05 | grad_norm 0.32 | tok/s 286,970
step   6310/8576 | loss 1.7364 | lr 8.00e-05 | grad_norm 0.32 | tok/s 286,880
step   6320/8576 | loss 1.7179 | lr 8.00e-05 | grad_norm 0.32 | tok/s 286,838
step   6330/8576 | loss 1.7221 | lr 8.00e-05 | grad_norm 0.34 | tok/s 287,019
step   6340/8576 | loss 1.7368 | lr 8.00e-05 | grad_norm 0.33 | tok/s 287,080
step   6350/8576 | loss 1.7235 | lr 8.00e-05 | grad_norm 0.32 | tok/s 286,876
step   6360/8576 | loss 1.7227 | lr 8.00e-05 | grad_norm 0.31 | tok/s 286,664
step   6370/8576 | loss 1.7408 | lr 8.00e-05 | grad_norm 0.32 | tok/s 286,732
step   6380/8576 | loss 1.7289 | lr 8.00e-05 | grad_norm 0.60 | tok/s 286,609
step   6390/8576 | loss 1.7124 | lr 8.00e-05 | grad_norm 0.31 | tok/s 286,773
step   6400/8576 | loss 1.7382 | lr 8.00e-05 | grad_norm 0.33 | tok/s 286,646
step   6410/8576 | loss 1.7286 | lr 8.00e-05 | grad_norm 0.34 | tok/s 286,839
step   6420/8576 | loss 1.7287 | lr 8.00e-05 | grad_norm 0.34 | tok/s 286,659
step   6430/8576 | loss 1.7069 | lr 8.00e-05 | grad_norm 0.33 | tok/s 286,698
step   6440/8576 | loss 1.7552 | lr 8.00e-05 | grad_norm 0.33 | tok/s 286,878
step   6450/8576 | loss 1.7189 | lr 8.00e-05 | grad_norm 0.32 | tok/s 286,979
step   6460/8576 | loss 1.7125 | lr 8.00e-05 | grad_norm 0.43 | tok/s 286,896
step   6470/8576 | loss 1.7279 | lr 8.00e-05 | grad_norm 0.33 | tok/s 287,120
step   6480/8576 | loss 1.7149 | lr 8.00e-05 | grad_norm 0.34 | tok/s 286,940
step   6490/8576 | loss 1.7205 | lr 8.00e-05 | grad_norm 0.32 | tok/s 286,987
step   6500/8576 | loss 1.7260 | lr 8.00e-05 | grad_norm 0.33 | tok/s 286,963
step   6510/8576 | loss 1.7179 | lr 8.00e-05 | grad_norm 0.32 | tok/s 286,914
step   6520/8576 | loss 1.7044 | lr 8.00e-05 | grad_norm 0.32 | tok/s 286,914
step   6530/8576 | loss 1.7381 | lr 8.00e-05 | grad_norm 0.34 | tok/s 286,844
step   6540/8576 | loss 1.7233 | lr 8.00e-05 | grad_norm 0.33 | tok/s 286,930
step   6550/8576 | loss 1.7131 | lr 8.00e-05 | grad_norm 0.38 | tok/s 286,931
step   6560/8576 | loss 1.7119 | lr 8.00e-05 | grad_norm 0.32 | tok/s 286,864
step   6570/8576 | loss 1.7168 | lr 8.00e-05 | grad_norm 0.34 | tok/s 286,972
step   6580/8576 | loss 1.7131 | lr 8.00e-05 | grad_norm 0.33 | tok/s 287,081
step   6590/8576 | loss 1.7270 | lr 8.00e-05 | grad_norm 0.34 | tok/s 286,863
step   6600/8576 | loss 1.7223 | lr 8.00e-05 | grad_norm 0.32 | tok/s 286,939
step   6610/8576 | loss 1.7341 | lr 8.00e-05 | grad_norm 0.31 | tok/s 286,885
step   6620/8576 | loss 1.7192 | lr 8.00e-05 | grad_norm 0.33 | tok/s 286,767
step   6630/8576 | loss 1.7055 | lr 8.00e-05 | grad_norm 0.31 | tok/s 286,936
step   6640/8576 | loss 1.7199 | lr 8.00e-05 | grad_norm 0.34 | tok/s 286,892
step   6650/8576 | loss 1.7141 | lr 8.00e-05 | grad_norm 0.34 | tok/s 287,027
step   6660/8576 | loss 1.7222 | lr 8.00e-05 | grad_norm 0.33 | tok/s 286,841
step   6670/8576 | loss 1.7423 | lr 8.00e-05 | grad_norm 0.31 | tok/s 287,029
step   6680/8576 | loss 1.7092 | lr 8.00e-05 | grad_norm 0.41 | tok/s 286,879
step   6690/8576 | loss 1.7189 | lr 8.00e-05 | grad_norm 0.34 | tok/s 286,873
step   6700/8576 | loss 1.6997 | lr 8.00e-05 | grad_norm 0.33 | tok/s 286,819
step   6710/8576 | loss 1.7324 | lr 8.00e-05 | grad_norm 0.35 | tok/s 286,789
step   6720/8576 | loss 1.7174 | lr 8.00e-05 | grad_norm 0.37 | tok/s 286,747
step   6730/8576 | loss 1.7191 | lr 8.00e-05 | grad_norm 0.35 | tok/s 286,782
step   6740/8576 | loss 1.7199 | lr 8.00e-05 | grad_norm 0.33 | tok/s 286,708
step   6750/8576 | loss 1.7284 | lr 8.00e-05 | grad_norm 0.32 | tok/s 286,906
step   6760/8576 | loss 1.7183 | lr 8.00e-05 | grad_norm 0.33 | tok/s 286,903
step   6770/8576 | loss 1.7193 | lr 8.00e-05 | grad_norm 0.32 | tok/s 286,727
step   6780/8576 | loss 1.7126 | lr 8.00e-05 | grad_norm 0.32 | tok/s 286,770
step   6790/8576 | loss 1.7122 | lr 8.00e-05 | grad_norm 0.32 | tok/s 286,709
step   6800/8576 | loss 1.7166 | lr 8.00e-05 | grad_norm 0.33 | tok/s 286,732
step   6810/8576 | loss 1.7277 | lr 8.00e-05 | grad_norm 0.32 | tok/s 286,868
step   6820/8576 | loss 1.7081 | lr 8.00e-05 | grad_norm 0.32 | tok/s 286,884
step   6830/8576 | loss 1.7093 | lr 8.00e-05 | grad_norm 0.32 | tok/s 286,925
step   6840/8576 | loss 1.7142 | lr 8.00e-05 | grad_norm 0.33 | tok/s 286,903
step   6850/8576 | loss 1.7008 | lr 8.00e-05 | grad_norm 0.32 | tok/s 286,786
step   6860/8576 | loss 1.7183 | lr 8.00e-05 | grad_norm 0.35 | tok/s 286,799
step   6870/8576 | loss 1.7202 | lr 8.00e-05 | grad_norm 0.34 | tok/s 286,852
step   6880/8576 | loss 1.7315 | lr 8.00e-05 | grad_norm 0.33 | tok/s 286,805
step   6890/8576 | loss 1.7184 | lr 8.00e-05 | grad_norm 0.35 | tok/s 286,676
step   6900/8576 | loss 1.7096 | lr 8.00e-05 | grad_norm 0.34 | tok/s 286,832
step   6910/8576 | loss 1.7179 | lr 8.00e-05 | grad_norm 0.32 | tok/s 286,848
step   6920/8576 | loss 1.7212 | lr 8.00e-05 | grad_norm 0.35 | tok/s 286,748
step   6930/8576 | loss 1.6964 | lr 8.00e-05 | grad_norm 0.32 | tok/s 286,733
step   6940/8576 | loss 1.7134 | lr 8.00e-05 | grad_norm 0.32 | tok/s 286,780
step   6950/8576 | loss 1.7070 | lr 8.00e-05 | grad_norm 0.33 | tok/s 286,725
step   6960/8576 | loss 1.7060 | lr 8.00e-05 | grad_norm 0.35 | tok/s 286,905
step   6970/8576 | loss 1.7210 | lr 8.00e-05 | grad_norm 0.32 | tok/s 286,797
step   6980/8576 | loss 1.7168 | lr 8.00e-05 | grad_norm 0.31 | tok/s 286,902
step   6990/8576 | loss 1.7003 | lr 8.00e-05 | grad_norm 0.33 | tok/s 286,767
step   7000/8576 | loss 1.7156 | lr 8.00e-05 | grad_norm 0.61 | tok/s 286,745
step   7010/8576 | loss 1.7044 | lr 8.00e-05 | grad_norm 0.47 | tok/s 286,866
step   7020/8576 | loss 1.7036 | lr 8.00e-05 | grad_norm 0.33 | tok/s 286,875
step   7030/8576 | loss 1.7100 | lr 8.00e-05 | grad_norm 0.32 | tok/s 286,749
step   7040/8576 | loss 1.7176 | lr 8.00e-05 | grad_norm 0.36 | tok/s 286,894
step   7050/8576 | loss 1.7104 | lr 8.00e-05 | grad_norm 0.34 | tok/s 286,702
step   7060/8576 | loss 1.6986 | lr 8.00e-05 | grad_norm 0.33 | tok/s 286,808
step   7070/8576 | loss 1.7030 | lr 8.00e-05 | grad_norm 0.34 | tok/s 286,898
step   7080/8576 | loss 1.6995 | lr 8.00e-05 | grad_norm 0.33 | tok/s 286,903
step   7090/8576 | loss 1.7100 | lr 8.00e-05 | grad_norm 0.43 | tok/s 286,818
step   7100/8576 | loss 1.7284 | lr 8.00e-05 | grad_norm 0.35 | tok/s 286,759
step   7110/8576 | loss 1.6962 | lr 8.00e-05 | grad_norm 0.32 | tok/s 286,915
step   7120/8576 | loss 1.7145 | lr 8.00e-05 | grad_norm 0.33 | tok/s 286,964
step   7130/8576 | loss 1.7189 | lr 8.00e-05 | grad_norm 0.33 | tok/s 286,723
step   7140/8576 | loss 1.7067 | lr 8.00e-05 | grad_norm 0.33 | tok/s 286,860
step   7150/8576 | loss 1.7091 | lr 8.00e-05 | grad_norm 0.80 | tok/s 286,774
step   7160/8576 | loss 1.7179 | lr 8.00e-05 | grad_norm 0.34 | tok/s 286,765
step   7170/8576 | loss 1.7196 | lr 8.00e-05 | grad_norm 0.34 | tok/s 286,901
step   7180/8576 | loss 1.7263 | lr 8.00e-05 | grad_norm 1.74 | tok/s 286,882
step   7190/8576 | loss 1.7312 | lr 8.00e-05 | grad_norm 0.34 | tok/s 286,663
step   7200/8576 | loss 1.7079 | lr 8.00e-05 | grad_norm 0.33 | tok/s 286,786
step   7210/8576 | loss 1.7142 | lr 8.00e-05 | grad_norm 0.32 | tok/s 286,950
step   7220/8576 | loss 1.7181 | lr 8.00e-05 | grad_norm 0.35 | tok/s 286,940
step   7230/8576 | loss 1.7183 | lr 8.00e-05 | grad_norm 0.93 | tok/s 286,885
step   7240/8576 | loss 1.7289 | lr 8.00e-05 | grad_norm 0.31 | tok/s 286,840
step   7250/8576 | loss 1.7267 | lr 8.00e-05 | grad_norm 0.33 | tok/s 286,789
step   7260/8576 | loss 1.7211 | lr 8.00e-05 | grad_norm 0.33 | tok/s 286,864
step   7270/8576 | loss 1.7249 | lr 8.00e-05 | grad_norm 0.33 | tok/s 286,847
step   7280/8576 | loss 1.7280 | lr 8.00e-05 | grad_norm 0.36 | tok/s 286,737
step   7290/8576 | loss 1.7232 | lr 8.00e-05 | grad_norm 0.33 | tok/s 286,767
step   7300/8576 | loss 1.7153 | lr 8.00e-05 | grad_norm 0.33 | tok/s 286,817
step   7310/8576 | loss 1.7232 | lr 8.00e-05 | grad_norm 0.33 | tok/s 286,799
step   7320/8576 | loss 1.7283 | lr 8.00e-05 | grad_norm 0.33 | tok/s 286,759
step   7330/8576 | loss 1.7240 | lr 8.00e-05 | grad_norm 0.32 | tok/s 286,788
step   7340/8576 | loss 1.7264 | lr 8.00e-05 | grad_norm 0.32 | tok/s 286,902
step   7350/8576 | loss 1.7231 | lr 8.00e-05 | grad_norm 0.32 | tok/s 286,808
step   7360/8576 | loss 1.7368 | lr 8.00e-05 | grad_norm 0.34 | tok/s 286,933
step   7370/8576 | loss 1.7200 | lr 8.00e-05 | grad_norm 0.32 | tok/s 286,967
step   7380/8576 | loss 1.7224 | lr 8.00e-05 | grad_norm 0.49 | tok/s 287,115
step   7390/8576 | loss 1.7194 | lr 8.00e-05 | grad_norm 0.33 | tok/s 286,875
step   7400/8576 | loss 1.7158 | lr 8.00e-05 | grad_norm 0.34 | tok/s 287,009
step   7410/8576 | loss 1.7244 | lr 8.00e-05 | grad_norm 0.33 | tok/s 286,987
step   7420/8576 | loss 1.7354 | lr 8.00e-05 | grad_norm 0.35 | tok/s 286,940
step   7430/8576 | loss 1.7130 | lr 8.00e-05 | grad_norm 0.34 | tok/s 286,930
step   7440/8576 | loss 1.7216 | lr 8.00e-05 | grad_norm 0.34 | tok/s 286,953
step   7450/8576 | loss 1.7302 | lr 8.00e-05 | grad_norm 0.33 | tok/s 286,879
step   7460/8576 | loss 1.7408 | lr 8.00e-05 | grad_norm 0.35 | tok/s 286,795
step   7470/8576 | loss 1.7096 | lr 8.00e-05 | grad_norm 0.34 | tok/s 286,731
step   7480/8576 | loss 1.7066 | lr 8.00e-05 | grad_norm 0.35 | tok/s 286,801
step   7490/8576 | loss 1.7194 | lr 8.00e-05 | grad_norm 0.35 | tok/s 286,687
step   7500/8576 | loss 1.7178 | lr 8.00e-05 | grad_norm 0.34 | tok/s 286,817
step   7510/8576 | loss 1.7112 | lr 8.00e-05 | grad_norm 0.33 | tok/s 286,880
step   7520/8576 | loss 1.7297 | lr 8.00e-05 | grad_norm 0.43 | tok/s 286,792
step   7530/8576 | loss 1.7127 | lr 8.00e-05 | grad_norm 0.34 | tok/s 286,867
step   7540/8576 | loss 1.7223 | lr 8.00e-05 | grad_norm 0.33 | tok/s 286,702
step   7550/8576 | loss 1.7019 | lr 8.00e-05 | grad_norm 0.36 | tok/s 286,924
step   7560/8576 | loss 1.7022 | lr 8.00e-05 | grad_norm 0.33 | tok/s 286,597
step   7570/8576 | loss 1.7089 | lr 8.00e-05 | grad_norm 0.36 | tok/s 286,785
step   7580/8576 | loss 1.7072 | lr 8.00e-05 | grad_norm 0.35 | tok/s 286,916
step   7590/8576 | loss 1.7047 | lr 8.00e-05 | grad_norm 0.36 | tok/s 286,936
step   7600/8576 | loss 1.7144 | lr 8.00e-05 | grad_norm 0.31 | tok/s 287,017
step   7610/8576 | loss 1.7140 | lr 8.00e-05 | grad_norm 0.34 | tok/s 286,979
step   7620/8576 | loss 1.7103 | lr 8.00e-05 | grad_norm 0.35 | tok/s 286,942
step   7630/8576 | loss 1.7119 | lr 8.00e-05 | grad_norm 0.35 | tok/s 287,107
step   7640/8576 | loss 1.7183 | lr 8.00e-05 | grad_norm 0.36 | tok/s 286,895
step   7650/8576 | loss 1.7111 | lr 8.00e-05 | grad_norm 0.34 | tok/s 286,946
step   7660/8576 | loss 1.7147 | lr 8.00e-05 | grad_norm 0.39 | tok/s 287,014
step   7670/8576 | loss 1.7020 | lr 8.00e-05 | grad_norm 0.32 | tok/s 286,959
step   7680/8576 | loss 1.7109 | lr 8.00e-05 | grad_norm 0.32 | tok/s 286,912
step   7690/8576 | loss 1.7150 | lr 8.00e-05 | grad_norm 0.33 | tok/s 286,946
step   7700/8576 | loss 1.7161 | lr 8.00e-05 | grad_norm 0.33 | tok/s 286,949
step   7710/8576 | loss 1.7164 | lr 8.00e-05 | grad_norm 0.34 | tok/s 286,916
step   7720/8576 | loss 1.7025 | lr 8.00e-05 | grad_norm 0.31 | tok/s 287,048
step   7730/8576 | loss 1.7233 | lr 8.00e-05 | grad_norm 0.34 | tok/s 286,970
step   7740/8576 | loss 1.7233 | lr 8.00e-05 | grad_norm 0.35 | tok/s 286,946
step   7750/8576 | loss 1.7093 | lr 8.00e-05 | grad_norm 0.31 | tok/s 286,909
step   7760/8576 | loss 1.7082 | lr 8.00e-05 | grad_norm 0.56 | tok/s 286,940
step   7770/8576 | loss 1.7162 | lr 8.00e-05 | grad_norm 0.34 | tok/s 287,041
step   7780/8576 | loss 1.6977 | lr 8.00e-05 | grad_norm 0.42 | tok/s 286,929
step   7790/8576 | loss 1.7182 | lr 8.00e-05 | grad_norm 0.33 | tok/s 287,028
step   7800/8576 | loss 1.7083 | lr 8.00e-05 | grad_norm 0.35 | tok/s 286,908
step   7810/8576 | loss 1.7124 | lr 8.00e-05 | grad_norm 0.33 | tok/s 287,066
step   7820/8576 | loss 1.7012 | lr 8.00e-05 | grad_norm 0.32 | tok/s 286,885
step   7830/8576 | loss 1.7083 | lr 8.00e-05 | grad_norm 0.32 | tok/s 286,986
step   7840/8576 | loss 1.7069 | lr 8.00e-05 | grad_norm 0.36 | tok/s 286,925
step   7850/8576 | loss 1.7196 | lr 8.00e-05 | grad_norm 0.34 | tok/s 287,116
step   7860/8576 | loss 1.7046 | lr 8.00e-05 | grad_norm 0.33 | tok/s 286,909
step   7870/8576 | loss 1.7240 | lr 8.00e-05 | grad_norm 0.38 | tok/s 286,972
step   7880/8576 | loss 1.6922 | lr 8.00e-05 | grad_norm 0.31 | tok/s 286,904
step   7890/8576 | loss 1.7130 | lr 8.00e-05 | grad_norm 0.35 | tok/s 286,929
step   7900/8576 | loss 1.7068 | lr 8.00e-05 | grad_norm 0.35 | tok/s 287,050
step   7910/8576 | loss 1.7100 | lr 8.00e-05 | grad_norm 0.32 | tok/s 286,912
step   7920/8576 | loss 1.6993 | lr 8.00e-05 | grad_norm 0.34 | tok/s 286,877
step   7930/8576 | loss 1.7084 | lr 8.00e-05 | grad_norm 0.36 | tok/s 287,006
step   7940/8576 | loss 1.7215 | lr 8.00e-05 | grad_norm 0.36 | tok/s 286,962
step   7950/8576 | loss 1.7193 | lr 8.00e-05 | grad_norm 0.33 | tok/s 286,890
step   7960/8576 | loss 1.7203 | lr 8.00e-05 | grad_norm 0.36 | tok/s 286,960
step   7970/8576 | loss 1.7180 | lr 8.00e-05 | grad_norm 0.36 | tok/s 287,055
step   7980/8576 | loss 1.7145 | lr 8.00e-05 | grad_norm 0.34 | tok/s 287,058
step   7990/8576 | loss 1.7037 | lr 8.00e-05 | grad_norm 0.32 | tok/s 287,030
step   8000/8576 | loss 1.7094 | lr 8.00e-05 | grad_norm 0.34 | tok/s 286,907
step   8010/8576 | loss 1.7044 | lr 8.00e-05 | grad_norm 0.34 | tok/s 286,873
step   8020/8576 | loss 1.7066 | lr 8.00e-05 | grad_norm 0.34 | tok/s 287,122
step   8030/8576 | loss 1.6997 | lr 8.00e-05 | grad_norm 0.36 | tok/s 286,902
step   8040/8576 | loss 1.6938 | lr 8.00e-05 | grad_norm 0.33 | tok/s 286,955
step   8050/8576 | loss 1.7129 | lr 8.00e-05 | grad_norm 0.34 | tok/s 286,920
step   8060/8576 | loss 1.7062 | lr 8.00e-05 | grad_norm 0.35 | tok/s 286,869
step   8070/8576 | loss 1.7162 | lr 8.00e-05 | grad_norm 0.36 | tok/s 287,016
step   8080/8576 | loss 1.7050 | lr 8.00e-05 | grad_norm 0.32 | tok/s 286,886
step   8090/8576 | loss 1.7146 | lr 8.00e-05 | grad_norm 0.33 | tok/s 286,891
step   8100/8576 | loss 1.7085 | lr 8.00e-05 | grad_norm 0.34 | tok/s 286,929
step   8110/8576 | loss 1.7106 | lr 8.00e-05 | grad_norm 0.32 | tok/s 286,933
step   8120/8576 | loss 1.7024 | lr 8.00e-05 | grad_norm 0.40 | tok/s 286,873
step   8130/8576 | loss 1.7061 | lr 8.00e-05 | grad_norm 0.33 | tok/s 286,991
step   8140/8576 | loss 1.7145 | lr 8.00e-05 | grad_norm 0.33 | tok/s 286,923
step   8150/8576 | loss 1.7006 | lr 8.00e-05 | grad_norm 0.34 | tok/s 286,998
step   8160/8576 | loss 1.7147 | lr 8.00e-05 | grad_norm 0.41 | tok/s 286,837
step   8170/8576 | loss 1.6989 | lr 8.00e-05 | grad_norm 0.33 | tok/s 286,880
step   8180/8576 | loss 1.7021 | lr 8.00e-05 | grad_norm 0.33 | tok/s 287,018
step   8190/8576 | loss 1.7050 | lr 8.00e-05 | grad_norm 0.32 | tok/s 286,866
step   8200/8576 | loss 1.7173 | lr 8.00e-05 | grad_norm 0.35 | tok/s 286,877
step   8210/8576 | loss 1.7121 | lr 8.00e-05 | grad_norm 0.35 | tok/s 286,834
step   8220/8576 | loss 1.7089 | lr 8.00e-05 | grad_norm 0.34 | tok/s 286,733
step   8230/8576 | loss 1.7105 | lr 8.00e-05 | grad_norm 0.34 | tok/s 286,981
step   8240/8576 | loss 1.7043 | lr 8.00e-05 | grad_norm 0.35 | tok/s 286,866
step   8250/8576 | loss 1.7116 | lr 8.00e-05 | grad_norm 0.33 | tok/s 286,873
step   8260/8576 | loss 1.7214 | lr 8.00e-05 | grad_norm 0.34 | tok/s 286,947
step   8270/8576 | loss 1.7067 | lr 8.00e-05 | grad_norm 0.32 | tok/s 286,983
step   8280/8576 | loss 1.6995 | lr 8.00e-05 | grad_norm 0.32 | tok/s 286,925
step   8290/8576 | loss 1.7011 | lr 8.00e-05 | grad_norm 0.32 | tok/s 286,803
step   8300/8576 | loss 1.7116 | lr 8.00e-05 | grad_norm 0.32 | tok/s 286,757
step   8310/8576 | loss 1.7138 | lr 7.98e-05 | grad_norm 0.33 | tok/s 286,874
step   8320/8576 | loss 1.7126 | lr 7.91e-05 | grad_norm 0.35 | tok/s 286,802
step   8330/8576 | loss 1.7075 | lr 7.79e-05 | grad_norm 0.33 | tok/s 287,035
step   8340/8576 | loss 1.7042 | lr 7.63e-05 | grad_norm 0.34 | tok/s 286,895
step   8350/8576 | loss 1.7030 | lr 7.43e-05 | grad_norm 0.32 | tok/s 286,983
step   8360/8576 | loss 1.7044 | lr 7.19e-05 | grad_norm 0.32 | tok/s 286,879
step   8370/8576 | loss 1.6995 | lr 6.92e-05 | grad_norm 0.62 | tok/s 287,040
step   8380/8576 | loss 1.6990 | lr 6.61e-05 | grad_norm 0.32 | tok/s 286,889
step   8390/8576 | loss 1.7022 | lr 6.27e-05 | grad_norm 0.32 | tok/s 286,697
step   8400/8576 | loss 1.7041 | lr 5.91e-05 | grad_norm 0.30 | tok/s 286,937
step   8410/8576 | loss 1.6927 | lr 5.53e-05 | grad_norm 0.30 | tok/s 286,823
step   8420/8576 | loss 1.7004 | lr 5.13e-05 | grad_norm 0.29 | tok/s 286,843
step   8430/8576 | loss 1.7088 | lr 4.73e-05 | grad_norm 0.30 | tok/s 286,932
step   8440/8576 | loss 1.6882 | lr 4.32e-05 | grad_norm 0.29 | tok/s 286,830
step   8450/8576 | loss 1.7059 | lr 3.91e-05 | grad_norm 0.30 | tok/s 286,860
step   8460/8576 | loss 1.7003 | lr 3.51e-05 | grad_norm 0.28 | tok/s 286,927
step   8470/8576 | loss 1.6994 | lr 3.12e-05 | grad_norm 0.28 | tok/s 286,920
step   8480/8576 | loss 1.6907 | lr 2.74e-05 | grad_norm 0.28 | tok/s 286,948
step   8490/8576 | loss 1.6900 | lr 2.39e-05 | grad_norm 0.28 | tok/s 286,917
step   8500/8576 | loss 1.6990 | lr 2.07e-05 | grad_norm 0.30 | tok/s 286,975
step   8510/8576 | loss 1.6862 | lr 1.77e-05 | grad_norm 0.27 | tok/s 286,928
step   8520/8576 | loss 1.6792 | lr 1.51e-05 | grad_norm 0.26 | tok/s 286,785
step   8530/8576 | loss 1.6986 | lr 1.28e-05 | grad_norm 0.27 | tok/s 286,795
step   8540/8576 | loss 1.7038 | lr 1.10e-05 | grad_norm 0.28 | tok/s 286,833
step   8550/8576 | loss 1.6965 | lr 9.57e-06 | grad_norm 0.27 | tok/s 286,962
step   8560/8576 | loss 1.6778 | lr 8.60e-06 | grad_norm 0.28 | tok/s 286,937
step   8570/8576 | loss 1.6885 | lr 8.08e-06 | grad_norm 0.28 | tok/s 286,951
[ckpt] saved -> /mnt/weka/mmusayelyan/tinyllama_ct_math_uniform/step-8576
[train] done - saving final checkpoint
[ckpt] saved -> /mnt/weka/mmusayelyan/tinyllama_ct_math_uniform/step-8576
